
[TestKubeContainerRegistry/when_all_required_parameters_are_provided - 1]
---
apiVersion: v1
kind: Secret
metadata:
  creationTimestamp: null
  name: go-test
  namespace: go-test
stringData:
  .dockerconfigjson: '{"auths":{"https://someurl.com":{"username":"test-user","password":"test-password","auth":"dGVzdC11c2VyOnRlc3QtcGFzc3dvcmQ=","email":"unused"}}}'

---
