
[TestNewConfig/when_no_values_are_passed - 1]
&util.Config{SERVICE_NAME:"", VERSION:"0.0.0", BASE_PATH:"/", PORT:"3000", ENVIRONMENT:"local", LOGGER_PRETTY_PRINT:"false", LOGGER_LEVEL:"info", TRAEFIK_VERSION:"2.5.4", TRAEFIK_REPLICAS:"1", PRIVATE_REGISTRY_ENABLED:"false", PRIVATE_REGISTRY_URL:"https://index.docker.io/v1/", PRIVATE_REGISTRY_USER:"", PRIVATE_REGISTRY_PASS:""}
nil
---

[TestNewConfig/when_defined_parameters_are_provided - 1]
&util.Config{SERVICE_NAME:"", VERSION:"99.99.99", BASE_PATH:"/", PORT:"1337", ENVIRONMENT:"prod", LOGGER_PRETTY_PRINT:"false", LOGGER_LEVEL:"debug", TRAEFIK_VERSION:"2.5.4", TRAEFIK_REPLICAS:"1", PRIVATE_REGISTRY_ENABLED:"false", PRIVATE_REGISTRY_URL:"https://index.docker.io/v1/", PRIVATE_REGISTRY_USER:"", PRIVATE_REGISTRY_PASS:""}
nil
---

[TestNewConfig/when_validation_fails - 1]
&util.Config{SERVICE_NAME:"", VERSION:"not-semver", BASE_PATH:"/", PORT:"should-be-numeric", ENVIRONMENT:"local", LOGGER_PRETTY_PRINT:"false", LOGGER_LEVEL:"invalid", TRAEFIK_VERSION:"2.5.4", TRAEFIK_REPLICAS:"1", PRIVATE_REGISTRY_ENABLED:"false", PRIVATE_REGISTRY_URL:"https://index.docker.io/v1/", PRIVATE_REGISTRY_USER:"", PRIVATE_REGISTRY_PASS:""}
Key: 'Config.VERSION' Error:Field validation for 'VERSION' failed on the 'semver' tag
Key: 'Config.PORT' Error:Field validation for 'PORT' failed on the 'numeric' tag
Key: 'Config.LOGGER_LEVEL' Error:Field validation for 'LOGGER_LEVEL' failed on the 'oneof' tag
---
